// Jest Snapshot v1, https://goo.gl/fbAQLP

exports[`Should render Dashboard Page correctly 1`] = `
<div>
  Dashboard page
</div>
`;
