// Jest Snapshot v1, https://goo.gl/fbAQLP

exports[`Should render LoadingPage correctly 1`] = `
<div
  className="loading"
>
  <img
    alt="Loading"
    className="loading__image"
    src="/img/loader.gif"
  />
</div>
`;
